23B  05/25/2018 03:19:36  rwx 1.txt file
24B  05/25/2018 03:19:36  rwx 2.txt file
