1.txt file rwx 05/25/2018 03:19:36  23B
2.txt file rwx 05/25/2018 03:19:36  24B
